

Symbols from C:\Users\Spence\AppData\Local\Temp\arduino_build_281875/sketch_may10a.ino.elf:

Name                  Value   Class        Type         Size     Line  Section

__heap_end          |00000000|   W  |            NOTYPE|        |     |*ABS*
__TEXT_REGION_ORIGIN__|00000000|   W  |            NOTYPE|        |     |*ABS*
__tmp_reg__         |00000000|   a  |            NOTYPE|        |     |*ABS*
__vector_default    |00000000|   W  |            NOTYPE|        |     |.text	../../../../../crt1/gcrt1.S:63
__vectors           |00000000|   T  |            NOTYPE|        |     |.text	../../../../../crt1/gcrt1.S:63
__zero_reg__        |00000001|   a  |            NOTYPE|        |     |*ABS*
__FUSE_REGION_LENGTH__|0000000a|   A  |            NOTYPE|        |     |*ABS*
__CCP__             |00000034|   a  |            NOTYPE|        |     |*ABS*
__ctors_start       |00000034|   T  |            NOTYPE|        |     |.text
__trampolines_end   |00000034|   T  |            NOTYPE|        |     |.text
__trampolines_start |00000034|   T  |            NOTYPE|        |     |.text
__ctors_end         |00000036|   T  |            NOTYPE|        |     |.text	../../../../../crt1/gcrt1.S:230
__dtors_end         |00000036|   T  |            NOTYPE|        |     |.text	../../../../../crt1/gcrt1.S:230
__dtors_start       |00000036|   T  |            NOTYPE|        |     |.text	../../../../../crt1/gcrt1.S:230
__init              |00000036|   W  |            NOTYPE|        |     |.text	../../../../../crt1/gcrt1.S:230
__SP_L__            |0000003d|   a  |            NOTYPE|        |     |*ABS*
__SP_H__            |0000003e|   a  |            NOTYPE|        |     |*ABS*
__SREG__            |0000003f|   a  |            NOTYPE|        |     |*ABS*
__EEPROM_REGION_LENGTH__|00000040|   A  |            NOTYPE|        |     |*ABS*
__do_clear_bss      |00000042|   T  |            NOTYPE|00000010|     |.text	/home/admin/build/toolchain-avr-special/gcc-build/avr/avrxmega3/short-calls/libgcc/../../../../../gcc/libgcc/config/avr/lib1funcs.S:2441
.do_clear_bss_loop  |0000004a|   t  |            NOTYPE|        |     |.text	/home/admin/build/toolchain-avr-special/gcc-build/avr/avrxmega3/short-calls/libgcc/../../../../../gcc/libgcc/config/avr/lib1funcs.S:2446
.do_clear_bss_start |0000004c|   t  |            NOTYPE|        |     |.text	/home/admin/build/toolchain-avr-special/gcc-build/avr/avrxmega3/short-calls/libgcc/../../../../../gcc/libgcc/config/avr/lib1funcs.S:2448
__do_global_ctors   |00000052|   T  |            NOTYPE|00000014|     |.text	/home/admin/build/toolchain-avr-special/gcc-build/avr/avrxmega3/short-calls/libgcc/../../../../../gcc/libgcc/config/avr/lib1funcs.S:2466
__bad_interrupt     |0000006a|   T  |            NOTYPE|        |     |.text	../../../../../crt1/gcrt1.S:209
__vector_1          |0000006a|   W  |            NOTYPE|        |     |.text	../../../../../crt1/gcrt1.S:209
__vector_10         |0000006a|   W  |            NOTYPE|        |     |.text	../../../../../crt1/gcrt1.S:209
__vector_11         |0000006a|   W  |            NOTYPE|        |     |.text	../../../../../crt1/gcrt1.S:209
__vector_12         |0000006a|   W  |            NOTYPE|        |     |.text	../../../../../crt1/gcrt1.S:209
__vector_13         |0000006a|   W  |            NOTYPE|        |     |.text	../../../../../crt1/gcrt1.S:209
__vector_15         |0000006a|   W  |            NOTYPE|        |     |.text	../../../../../crt1/gcrt1.S:209
__vector_16         |0000006a|   W  |            NOTYPE|        |     |.text	../../../../../crt1/gcrt1.S:209
__vector_17         |0000006a|   W  |            NOTYPE|        |     |.text	../../../../../crt1/gcrt1.S:209
__vector_18         |0000006a|   W  |            NOTYPE|        |     |.text	../../../../../crt1/gcrt1.S:209
__vector_19         |0000006a|   W  |            NOTYPE|        |     |.text	../../../../../crt1/gcrt1.S:209
__vector_2          |0000006a|   W  |            NOTYPE|        |     |.text	../../../../../crt1/gcrt1.S:209
__vector_20         |0000006a|   W  |            NOTYPE|        |     |.text	../../../../../crt1/gcrt1.S:209
__vector_21         |0000006a|   W  |            NOTYPE|        |     |.text	../../../../../crt1/gcrt1.S:209
__vector_24         |0000006a|   W  |            NOTYPE|        |     |.text	../../../../../crt1/gcrt1.S:209
__vector_25         |0000006a|   W  |            NOTYPE|        |     |.text	../../../../../crt1/gcrt1.S:209
__vector_3          |0000006a|   W  |            NOTYPE|        |     |.text	../../../../../crt1/gcrt1.S:209
__vector_4          |0000006a|   W  |            NOTYPE|        |     |.text	../../../../../crt1/gcrt1.S:209
__vector_5          |0000006a|   W  |            NOTYPE|        |     |.text	../../../../../crt1/gcrt1.S:209
__vector_6          |0000006a|   W  |            NOTYPE|        |     |.text	../../../../../crt1/gcrt1.S:209
__vector_7          |0000006a|   W  |            NOTYPE|        |     |.text	../../../../../crt1/gcrt1.S:209
__vector_8          |0000006a|   W  |            NOTYPE|        |     |.text	../../../../../crt1/gcrt1.S:209
__vector_9          |0000006a|   W  |            NOTYPE|        |     |.text	../../../../../crt1/gcrt1.S:209
UartClass::availableForWrite()|0000006c|   t  |              FUNC|0000001e|     |.text	C:\Users\Spence\Documents\Arduino\hardware\megaTinyCore\megaavr\cores\megatinycore/UART.cpp:332
__DATA_REGION_LENGTH__|00000080|   A  |            NOTYPE|        |     |*ABS*
UartClass::read()   |0000008a|   t  |              FUNC|00000028|     |.text	C:\Users\Spence\Documents\Arduino\hardware\megaTinyCore\megaavr\cores\megatinycore/UART.cpp:316
UartClass::peek()   |000000b2|   t  |              FUNC|0000001c|     |.text	C:\Users\Spence\Documents\Arduino\hardware\megaTinyCore\megaavr\cores\megatinycore/UART.cpp:308
UartClass::available()|000000ce|   t  |              FUNC|00000016|     |.text	C:\Users\Spence\Documents\Arduino\hardware\megaTinyCore\megaavr\cores\megatinycore/UART.cpp:304
UartClass::end()    |000000e4|   t  |              FUNC|00000032|     |.text	C:\Users\Spence\Documents\Arduino\hardware\megaTinyCore\megaavr\cores\megatinycore/UART.cpp:288
UartClass::_tx_data_empty_irq()|00000116|   t  |              FUNC|0000005a|     |.text	C:\Users\Spence\Documents\Arduino\hardware\megaTinyCore\megaavr\cores\megatinycore/UART.cpp:96
UartClass::_poll_tx_data_empty()|00000170|   t  |              FUNC|00000024|     |.text	C:\Users\Spence\Documents\Arduino\hardware\megaTinyCore\megaavr\cores\megatinycore/UART.cpp:126
UartClass::write(unsigned char)|00000194|   t  |              FUNC|00000064|     |.text	C:\Users\Spence\Documents\Arduino\hardware\megaTinyCore\megaavr\cores\megatinycore/UART.cpp:371
UartClass::flush()  |000001f8|   t  |              FUNC|00000028|     |.text	C:\Users\Spence\Documents\Arduino\hardware\megaTinyCore\megaavr\cores\megatinycore/UART.cpp:341
Print::write(unsigned char const*, unsigned int)|00000220|   t  |              FUNC|0000005a|     |.text	C:\Users\Spence\Documents\Arduino\hardware\megaTinyCore\megaavr\cores\megatinycore\api/Print.cpp:29
UartClass::operator bool()|0000027a|   t  |              FUNC|00000004|     |.text	C:\Users\Spence\Documents\Arduino\hardware\megaTinyCore\megaavr\cores\megatinycore/UART.h:223
UartClass::begin(unsigned long)|0000027e|   t  |              FUNC|00000012|     |.text	C:\Users\Spence\Documents\Arduino\hardware\megaTinyCore\megaavr\cores\megatinycore/UART.h:175
UartClass::begin(unsigned long, unsigned int)|00000290|   t  |              FUNC|00000154|     |.text	C:\Users\Spence\Documents\Arduino\hardware\megaTinyCore\megaavr\cores\megatinycore/UART.cpp:181
__vector_14         |000003e4|   T  |              FUNC|000000ac|     |.text	C:\Users\Spence\Documents\Arduino\hardware\megaTinyCore\megaavr\cores\megatinycore/wiring.c:129
__LOCK_REGION_LENGTH__|00000400|   A  |            NOTYPE|        |     |*ABS*
__SIGNATURE_REGION_LENGTH__|00000400|   A  |            NOTYPE|        |     |*ABS*
__USER_SIGNATURE_REGION_LENGTH__|00000400|   A  |            NOTYPE|        |     |*ABS*
__vector_23         |00000490|   T  |              FUNC|0000004a|     |.text	C:\Users\Spence\Documents\Arduino\hardware\megaTinyCore\megaavr\cores\megatinycore/UART0.cpp:48
__vector_22         |000004da|   T  |              FUNC|0000005c|     |.text	C:\Users\Spence\Documents\Arduino\hardware\megaTinyCore\megaavr\cores\megatinycore/UART0.cpp:40
main                |00000536|   T  |              FUNC|0000007a|     |.text	C:\Users\Spence\Documents\Arduino\hardware\megaTinyCore\megaavr\cores\megatinycore/main.cpp:41
_GLOBAL__sub_I___vector_22|000005b0|   t  |              FUNC|0000004c|     |.text
__udivmodsi4        |000005fc|   T  |            NOTYPE|00000044|     |.text	/home/admin/build/toolchain-avr-special/gcc-build/avr/avrxmega3/short-calls/libgcc/../../../../../gcc/libgcc/config/avr/lib1funcs.S:1638
__udivmodsi4_loop   |00000608|   t  |            NOTYPE|        |     |.text	/home/admin/build/toolchain-avr-special/gcc-build/avr/avrxmega3/short-calls/libgcc/../../../../../gcc/libgcc/config/avr/lib1funcs.S:1646
__udivmodsi4_ep     |00000622|   t  |            NOTYPE|        |     |.text	/home/admin/build/toolchain-avr-special/gcc-build/avr/avrxmega3/short-calls/libgcc/../../../../../gcc/libgcc/config/avr/lib1funcs.S:1660
__tablejump2__      |00000640|   T  |            NOTYPE|0000000c|     |.text	/home/admin/build/toolchain-avr-special/gcc-build/avr/avrxmega3/short-calls/libgcc/../../../../../gcc/libgcc/config/avr/lib1funcs.S:2296
_exit               |0000064c|   T  |            NOTYPE|        |     |.text	/home/admin/build/toolchain-avr-special/gcc-build/avr/avrxmega3/short-calls/libgcc/../../../../../gcc/libgcc/config/avr/lib1funcs.S:2278
exit                |0000064c|   W  |            NOTYPE|        |     |.text	/home/admin/build/toolchain-avr-special/gcc-build/avr/avrxmega3/short-calls/libgcc/../../../../../gcc/libgcc/config/avr/lib1funcs.S:2278
__stop_program      |0000064e|   t  |            NOTYPE|        |     |.text	/home/admin/build/toolchain-avr-special/gcc-build/avr/avrxmega3/short-calls/libgcc/../../../../../gcc/libgcc/config/avr/lib1funcs.S:2280
_etext              |00000650|   T  |            NOTYPE|        |     |.text
__data_load_end     |0000067c|   A  |            NOTYPE|        |     |*ABS*
__data_load_start   |0000067c|   a  |            NOTYPE|        |     |*ABS*
__TEXT_REGION_LENGTH__|00000800|   A  |            NOTYPE|        |     |*ABS*
__stack             |00003fff|   W  |            NOTYPE|        |     |*ABS*
__RODATA_PM_OFFSET__|00008000|   A  |            NOTYPE|        |     |*ABS*
vtable for UartClass|00008650|   r  |            OBJECT|0000001a|     |.rodata
digital_pin_to_bit_position|0000866a|   r  |            OBJECT|00000006|     |.rodata	C:\Users\Spence\Documents\Arduino\hardware\megaTinyCore\megaavr\variants\txy2/pins_arduino.h:143
digital_pin_to_port |00008670|   r  |            OBJECT|00000006|     |.rodata	C:\Users\Spence\Documents\Arduino\hardware\megaTinyCore\megaavr\variants\txy2/pins_arduino.h:133
digital_pin_to_bit_mask|00008676|   r  |            OBJECT|00000006|     |.rodata	C:\Users\Spence\Documents\Arduino\hardware\megaTinyCore\megaavr\variants\txy2/pins_arduino.h:153
__bss_start         |00803f80|   B  |            NOTYPE|        |     |.bss
__DATA_REGION_ORIGIN__|00803f80|   A  |            NOTYPE|        |     |*ABS*
_edata              |00803f80|   D  |            NOTYPE|        |     |.data
Serial              |00803f80|   b  |            OBJECT|0000003b|     |.bss	C:\Users\Spence\Documents\Arduino\hardware\megaTinyCore\megaavr\cores\megatinycore/UART0.cpp:56
timer_overflow_count|00803fbb|   b  |            OBJECT|00000004|     |.bss	C:\Users\Spence\Documents\Arduino\hardware\megaTinyCore\megaavr\cores\megatinycore/wiring.c:60
timer_fract         |00803fbf|   b  |            OBJECT|00000002|     |.bss	C:\Users\Spence\Documents\Arduino\hardware\megaTinyCore\megaavr\cores\megatinycore/wiring.c:54
timer_millis        |00803fc1|   b  |            OBJECT|00000004|     |.bss	C:\Users\Spence\Documents\Arduino\hardware\megaTinyCore\megaavr\cores\megatinycore/wiring.c:56
__bss_end           |00803fc5|   B  |            NOTYPE|        |     |.bss
_end                |00803fc5|   N  |            NOTYPE|        |     |.comment
__eeprom_end        |00810000|   N  |            NOTYPE|        |     |.comment
